<?xml version="1.0"?>
<dataset>
    <university id="" 
                name_uni="มหาวิทยาลัยเทคโนโลยีพระจอมเกล้าพระนครเหนือ" 
                url_uni="https://www.kmutnb.ac.th" 
                detail_uni="ติดต่อ มจพ. กรุงเทพฯ  
                            มหาวิทยาลัยเทคโนโลยีพระจอมเกล้าพระนครเหนือ
                            1518 ถนนประชาราษฎร์ 1 แขวงวงศ์สว่าง เขตบางซื่อ กรุงเทพฯ 10800 
                            โทรศัพท์ : +66 2 555-2000
                            แฟกซ์ : +66 2 587-4350
                            อีเมล : contact@op.kmutnb.ac.th"
    />
    <university id="" 
                name_uni="มหาวิทยาลัยราชภัฏเชียงราย" 
                url_uni="www.crru.ac.th" 
                detail_uni="ชื่อย่อ	มร.ชร. / CRRU
                            คติพจน์	มหาวิทยาลัยแห่งการเรียนรู้และให้โอกาส
                            สถาปนา	29 กันยายน พ.ศ. 2516 (47 ปี) (วิทยาลัยครูเชียงราย)
                            ประเภท	สถาบันอุดมศึกษาของรัฐ
                            อธิการบดี	ผู้ช่วยศาสตราจารย์ ดร.ศรชัย มุ่งไธสง
                            นายกสภาฯ	ดร.ชัยยงค์ สัจจิพานนท์
                            ที่ตั้ง	80 หมู่ที่ 9 ถนนพหลโยธิน ตำบลบ้านดู่ อำเภอเมืองเชียงราย จังหวัดเชียงราย 57100"
    />
    <university id="" 
                name_uni="มหาวิทยาลัยเฉลิมกาญจนา" 
                url_uni="www.cnu.ac.th" 
                detail_uni="ชื่อย่อ	มฉน. CNU
                            คติพจน์	สร้างความเป็นเลิศสู่อนาคต
                            สถาปนา	7 กันยายน พ.ศ. 2547 (16 ปี)
                            สถาปนาวิทยาลัย 14 มกราคม พ.ศ. 2557 (7 ปี)(เปลี่ยนสถานะเป็นมหาวิทยาลัย)
                            ประเภท	สถาบันอุดมศึกษาเอกชน
                            อธิการบดี	ดร.สุชีราภรณ์ ธุวานนท์
                            นายกสภาฯ	ศ.ดร.วิจิตร ศรีสอ้าน
                            ที่ตั้ง	99 หมู่ 6 ถนนศรีสะเกษ-อุบลราชธานี ตำบลโพธิ์ อำเภอเมืองศรีสะเกษ จังหวัดศรีสะเกษ 33000"
    />

</dataset>